[GET] https://poly-test.cognidao.org/api/v1/ai/threads => [200] 
[GET] https://poly-test.cognidao.org/api/v1/public/treasury/snapshot => [200] 
[GET] https://poly-test.cognidao.org/api/auth/session => [200] 
[GET] https://poly-test.cognidao.org/api/v1/poly/research/target-overlap?interval=1W => [200] 
[GET] https://poly-test.cognidao.org/api/v1/poly/top-wallets?timePeriod=WEEK&limit=100 => [200] 
[GET] https://poly-test.cognidao.org/api/v1/poly/copy-trade/targets => [200] 
[GET] https://poly-test.cognidao.org/api/v1/poly/wallet/status => [200] 
[POST] https://poly-test.cognidao.org/cdn-cgi/rum? => [204] 
[GET] https://poly-test.cognidao.org/knowledge?_rsc=tevyg => [200] 
[GET] https://poly-test.cognidao.org/credits?_rsc=tevyg => [200] 
[GET] https://poly-test.cognidao.org/gov?_rsc=tevyg => [200] 
[GET] https://poly-test.cognidao.org/work?_rsc=tevyg => [200] 
[GET] https://poly-test.cognidao.org/credits?_rsc=tevyg => [200] 
[GET] https://poly-test.cognidao.org/dashboard?_rsc=tevyg => [200] 
[GET] https://poly-test.cognidao.org/gov?_rsc=tevyg => [200] 
[GET] https://poly-test.cognidao.org/chat?_rsc=tevyg => [200] 
[GET] https://poly-test.cognidao.org/work?_rsc=tevyg => [200] 
[GET] https://poly-test.cognidao.org/credits?_rsc=16w3z => [200] 
[GET] https://poly-test.cognidao.org/knowledge?_rsc=npofx => [200] 
[GET] https://poly-test.cognidao.org/dashboard?_rsc=tevyg => [200] 
[GET] https://poly-test.cognidao.org/gov?_rsc=e68va => [200] 
[GET] https://poly-test.cognidao.org/chat?_rsc=tevyg => [200] 
[GET] https://poly-test.cognidao.org/work?_rsc=1d1rk => [200] 
[GET] https://poly-test.cognidao.org/knowledge?_rsc=npofx => [200] 
[GET] https://poly-test.cognidao.org/research?_rsc=1gzsd => [200] 
[GET] https://poly-test.cognidao.org/credits?_rsc=16w3z => [200] 
[GET] https://poly-test.cognidao.org/dashboard?_rsc=1vz35 => [200] 
[GET] https://poly-test.cognidao.org/chat?_rsc=6ekei => [200] 
[GET] https://poly-test.cognidao.org/work?_rsc=1d1rk => [200] 
[GET] https://poly-test.cognidao.org/dashboard?_rsc=1vz35 => [200] 
[GET] https://poly-test.cognidao.org/gov?_rsc=e68va => [200] 